C:\ASSEMBLE\teste\ecu.MAC
0000            
4100                    ORG 4100h
4100            
4100  1E05              LD E,05H
4102  06FF      MON:    LD B,0FFH
4104  3A0046    MON1:   LD A,(ARET)
4107  05                DEC B
4108  20FA              JR NZ,MON1
410A  1D                DEC E
410B  20F5              JR NZ,MON
410D            
410D  31E040    INI:    LD SP,STACK          ;POSICIONA STACK
4110  CD3E41      CALL NEW             ;LIMPA DISPLAY
4113            
4113  AF                xor a                ;** Posiciona Cursor Linha Superior
4114  CD6341            CALL SPOS
4117  117741            LD DE,TREC
411A  CD4F41            CALL EST
411D            
411D  3E40              ld a,40h             ;** Posiciona Cursor Linha Inferior
411F  CD6341            CALL SPOS
4122  119B41            LD DE,TREC1
4125  CD4F41            CALL EST
4128               
4128              
4128  16FF      rod1:   LD d,0ffh
412A  3E18              ld a,18h
412C  D338              OUT (DISP),A
412E  DB38      S22:    IN A,(DISP)
4130  07                RLCA
4131  38FB              JR C,S22
4133  1EFF      S40:    LD E,0ffH
4135  1D        S41:    DEC  E
4136  20FD        JR   NZ,S41
4138  15          DEC  D
4139  20F8           JR   NZ,S40
413B  18EB        jr rod1
413D              
413D  76          halt
413E              
413E            
413E                    ;** SUB-ROTINAS **
413E            
413E            
413E                    ;** ESCREVE TABELA **
413E            
413E  117341    NEW:    LD DE,TDIS
4141  0604              LD B,04H
4143            
4143  1A        WDIS:   LD A,(DE)
4144  D338              OUT (DISP),A
4146  DB38      S1:     IN A,(DISP)
4148  07                RLCA
4149  38FB              JR C,S1
414B  13                INC DE
414C  10F5              DJNZ WDIS
414E  C9                RET
414F            
414F            
414F                    ;** ESCREVE TABELA **
414F            
414F  1A        EST:    LD A,(DE)
4150  FE24              CP FIMLN
4152  C8          RET Z
4153  CD5941      CALL SWRC
4156  13                INC DE
4157  18F6              JR EST
4159              
4159              ;DJNZ EST
4159                    ;RET
4159            
4159            
4159                    ;** ESCREVE CARACTER **
4159            
4159  D339      SWRC:   OUT (DISW),A
415B  DB38      S3:     IN A,(DISP)
415D  07                RLCA
415E  38FB              JR C,S3
4160  DB38              IN A,(DISP)
4162  C9                RET
4163            
4163                  
4163              
4163  CBFF      SPOS:   SET  7,A             ;Posiciona cursor
4165  D338              OUT  (DISP),A
4167  CD6B41            CALL DOFF
416A  C9                RET  
416B               
416B              
416B            
416B  DB38      DOFF:   IN   A,(DISP)       ;Status display
416D  07                RLCA
416E  3800              JR   C,$ -3
4170  DB38              IN   A,(DISP)       ;Posicao cusor
4172  C9                RET                  ;Reg. A
4173              
4173              
4173  38060E01  TDIS:   db      38H,06H,0EH,01H
4177  416C6970  TREC:   db      " Alipio  /  Jesse.. Modulos -> ECU  $"
      696F2020
      2F20204A
      65737365
      2E2E204D
      6F64756C
      6F73202D
      3E204543
      55202024
419B  2E2E2E20  TREC1:  db      " ... Todos os Modelos de Carros ....$"
      546F646F
      73206F73
      204D6F64
      656C6F73
      20646520
      43617272
      6F73202E
      2E2E2E24
41BF  = 4600    ARET:   EQU      4600H
41BF  = 40E0    STACK:  EQU      40e0h      ;STACK POINTER
41BF  = 0038    DISP:   EQU      38h        ;PROG. DISPLAY
41BF  = 0039    DISW:   EQU      39h        ;ESCR. DISPLAY
41BF  = 0024    FIMLN:  EQU      24H
41BF            
41BF            
41BF  -             END

Symbol Table
MON             4102   
MON1            4104   
INI             410D   
ROD1            4128   
S22             412E   
S40             4133   
S41             4135   
NEW             413E   
WDIS            4143   
S1              4146   
EST             414F   
SWRC            4159   
S3              415B   
SPOS            4163   
DOFF            416B   
TDIS            4173   
TREC            4177   
TREC1           419B   
ARET            4600   
STACK           40E0   
DISP            0038   
DISW            0039   
FIMLN           0024   
